app/client/menu/page.tsx(171,26): error TS18048: 'profile.targets.protein_g' is possibly 'undefined'.
app/client/menu/page.tsx(171,65): error TS18048: 'profile.targets.carbs_g' is possibly 'undefined'.
app/client/menu/page.tsx(171,101): error TS18048: 'profile.targets.fats_g' is possibly 'undefined'.
app/client/menu/page.tsx(171,140): error TS18048: 'profile.targets.kcal' is possibly 'undefined'.
app/client/menu/page.tsx(189,22): error TS18048: 'profile.targets.protein_g' is possibly 'undefined'.
app/client/menu/page.tsx(189,61): error TS18048: 'profile.targets.carbs_g' is possibly 'undefined'.
app/client/menu/page.tsx(189,97): error TS18048: 'profile.targets.fats_g' is possibly 'undefined'.
app/client/menu/page.tsx(189,136): error TS18048: 'profile.targets.kcal' is possibly 'undefined'.
app/client/menu/page.tsx(518,46): error TS2304: Cannot find name 'X'.
